
Allocating common symbols
Common symbol       size              file

mousedata0          0x4               mouse.o
keyfifo             0x4               keyboard.o
taskctl             0x4               mtask.o
timerctl            0x271c            timer.o
mousefifo           0x4               mouse.o
task_timer          0x4               mtask.o
keydata0            0x4               keyboard.o

Discarded input sections

 .eh_frame      0x0000000000000000       0x50 bootpack.o
 .eh_frame      0x0000000000000000      0x1c0 console.o
 .eh_frame      0x0000000000000000       0x78 dsctbl.o
 .eh_frame      0x0000000000000000       0x98 fifo.o
 .eh_frame      0x0000000000000000       0x78 file.o
 .eh_frame      0x0000000000000000      0x148 graphic.o
 .eh_frame      0x0000000000000000       0x58 int.o
 .eh_frame      0x0000000000000000       0x78 keyboard.o
 .eh_frame      0x0000000000000000       0x58 libs.o
 .eh_frame      0x0000000000000000      0x124 memory.o
 .eh_frame      0x0000000000000000       0x78 mouse.o
 .eh_frame      0x0000000000000000      0x154 mtask.o
 .eh_frame      0x0000000000000000      0x15c sheet.o
 .eh_frame      0x0000000000000000       0xd8 timer.o
 .eh_frame      0x0000000000000000       0xf8 tsprintf.o
 .eh_frame      0x0000000000000000       0x88 window.o

Memory Configuration

Name             Origin             Length             Attributes
*default*        0x0000000000000000 0xffffffffffffffff

Linker script and memory map


.head           0x0000000000000000       0x24
                0x0000000000000000        0x4 LONG 0x10000
                0x0000000000000004        0x4 LONG 0x69726148
                0x0000000000000008        0x4 LONG 0x0
                0x000000000000000c        0x4 LONG 0x310000
                0x0000000000000010        0x4 LONG 0x22c2 SIZEOF (.data)
                0x0000000000000014        0x4 LONG 0x4b29 LOADADDR (.data)
                0x0000000000000018        0x4 LONG 0xe9000000
                0x000000000000001c        0x4 LONG 0x105 (hari_main - 0x20)
                0x0000000000000020        0x4 LONG 0x1

.text           0x0000000000000030     0x4af9
 *(.text)
 .text          0x0000000000000030      0xaae bootpack.o
                0x0000000000000030                task_b_main
                0x0000000000000125                hari_main
 .text          0x0000000000000ade      0xd17 console.o
                0x0000000000000ade                console_task
                0x0000000000000e86                cons_putchar
                0x0000000000000f8e                cons_newline
                0x0000000000001096                cons_runcmd
                0x0000000000001182                cmd_mem
                0x00000000000011d0                cmd_clear
                0x000000000000124e                cmd_ls
                0x0000000000001390                cmd_cat
                0x000000000000145b                cmd_app
                0x00000000000016bb                cons_putstr0
                0x00000000000016ee                cons_putstr1
                0x000000000000172b                hrb_api
                0x00000000000017c2                inthandler0d
 .text          0x00000000000017f5      0x251 dsctbl.o
                0x00000000000017f5                init_gdtidt
                0x0000000000001986                set_segmdesc
                0x0000000000001a01                set_gatedesc
 .text          0x0000000000001a46      0x178 fifo.o
                0x0000000000001a46                fifo32_init
                0x0000000000001a8d                fifo32_put
                0x0000000000001b3a                fifo32_get
                0x0000000000001ba9                fifo32_status
 .text          0x0000000000001bbe      0x2ca file.o
                0x0000000000001bbe                file_readfat
                0x0000000000001c6e                file_loadfile
                0x0000000000001d16                file_search
 .text          0x0000000000001e88      0x66c graphic.o
                0x0000000000001e88                init_palette
                0x0000000000001ea5                set_palette
                0x0000000000001f52                boxfill8
                0x0000000000001fa4                init_screen8
                0x00000000000021c1                init_mouse_cursor8
                0x000000000000229b                putfont8
                0x000000000000239d                putfonts8_asc
                0x00000000000023ec                putblock8_8
                0x000000000000245b                putfonts8_asc_sht
 .text          0x00000000000024f4        0x0 hankaku.o
 .text          0x00000000000024f4       0xf3 int.o
                0x00000000000024f4                init_pic
                0x00000000000025cf                inthandler27
 .text          0x00000000000025e7       0xa6 keyboard.o
                0x00000000000025e7                inthandler21
                0x000000000000262c                wait_KBC_sendready
                0x000000000000264c                init_keyboard
 .text          0x000000000000268d       0xcc libs.o
                0x000000000000268d                strcmp
                0x00000000000026cc                strncmp
 .text          0x0000000000002759      0x542 memory.o
                0x0000000000002759                memtest
                0x0000000000002810                memtest_sub
                0x00000000000028a1                memman_init
                0x00000000000028ce                memman_total
                0x0000000000002907                memman_alloc
                0x00000000000029f0                memman_alloc_4k
                0x0000000000002a1c                memman_free
                0x0000000000002c6c                memman_free_4k
 .text          0x0000000000002c9b      0x1e4 mouse.o
                0x0000000000002c9b                inthandler2c
                0x0000000000002cf2                enable_mouse
                0x0000000000002d40                mouse_decode
 .text          0x0000000000002e7f      0x630 mtask.o
                0x0000000000002e7f                task_now
                0x0000000000002eaf                task_add
                0x0000000000002ef8                task_remove
                0x0000000000002fb5                task_switchsub
                0x0000000000003001                task_idle
                0x000000000000300e                task_init
                0x0000000000003213                task_alloc
                0x0000000000003323                task_run
                0x0000000000003390                task_sleep
                0x00000000000033e0                task_switch
 *fill*         0x00000000000034af        0x1 
 .text          0x00000000000034b0      0x175 nasmfunc.o
                0x00000000000034b0                io_hlt
                0x00000000000034b2                io_cli
                0x00000000000034b4                io_sti
                0x00000000000034b6                io_stihlt
                0x00000000000034b9                io_in8
                0x00000000000034c4                io_in16
                0x00000000000034d0                io_in32
                0x00000000000034d6                io_out8
                0x00000000000034e0                io_out16
                0x00000000000034ec                io_out32
                0x00000000000034f6                io_load_eflags
                0x00000000000034f9                io_store_eflags
                0x0000000000003500                load_gdtr
                0x0000000000003510                load_idtr
                0x0000000000003520                asm_inthandler0d
                0x0000000000003544                asm_inthandler20
                0x000000000000355b                asm_inthandler21
                0x0000000000003572                asm_inthandler27
                0x0000000000003589                asm_inthandler2c
                0x00000000000035a0                load_cr0
                0x00000000000035a4                store_cr0
                0x00000000000035ac                load_tr
                0x00000000000035b2                farjmp
                0x00000000000035b7                farcall
                0x00000000000035bc                asm_cons_putchar
                0x00000000000035d6                asm_hrb_api
                0x00000000000035f7                start_app
 .text          0x0000000000003625      0xa29 sheet.o
                0x0000000000003625                shtctl_init
                0x000000000000370c                sheet_alloc
                0x0000000000003783                sheet_setbuf
                0x00000000000037ac                sheet_refreshmap
                0x0000000000003960                sheet_refreshsub
                0x0000000000003b2c                sheet_updown
                0x0000000000003ea3                sheet_refresh
                0x0000000000003f14                sheet_slide
                0x0000000000004027                sheet_free
 .text          0x000000000000404e      0x29a timer.o
                0x000000000000404e                init_pit
                0x00000000000040f6                timer_alloc
                0x0000000000004160                timer_free
                0x0000000000004170                timer_init
                0x0000000000004188                timer_settime
                0x0000000000004237                inthandler20
 .text          0x00000000000042e8      0x3d8 tsprintf.o
                0x00000000000042e8                tsprintf
                0x000000000000448c                strcls
                0x00000000000044aa                int2char
                0x00000000000044c3                int2hex
                0x00000000000045ac                figure
                0x000000000000460c                int2dec
                0x000000000000468e                int2str
 .text          0x00000000000046c0      0x469 window.o
                0x00000000000046c0                make_window8
                0x0000000000004832                make_wtitle8
                0x000000000000492a                make_textbox8

.data           0x0000000000310000     0x22c2 load address 0x0000000000004b29
 *(.data)
 .data          0x0000000000310000      0x100 bootpack.o
 .data          0x0000000000310100      0x100 console.o
 .data          0x0000000000310200      0x100 dsctbl.o
 .data          0x0000000000310300      0x100 fifo.o
 .data          0x0000000000310400      0x100 file.o
 .data          0x0000000000310500      0x240 graphic.o
 .data          0x0000000000310740     0x1000 hankaku.o
                0x0000000000310740                hankaku
 .data          0x0000000000311740      0x100 int.o
 .data          0x0000000000311840      0x100 keyboard.o
 .data          0x0000000000311940      0x100 libs.o
 .data          0x0000000000311a40      0x100 memory.o
 .data          0x0000000000311b40      0x100 mouse.o
 .data          0x0000000000311c40      0x100 mtask.o
 .data          0x0000000000311d40      0x100 sheet.o
 .data          0x0000000000311e40      0x100 timer.o
 .data          0x0000000000311f40      0x100 tsprintf.o
 .data          0x0000000000312040      0x1e0 window.o
 *(.rodata*)
 .rodata        0x0000000000312220       0x14 bootpack.o
 .rodata        0x0000000000312234       0x8e console.o
 *(.bss)
 .bss           0x00000000003122c2        0x0 bootpack.o
 .bss           0x00000000003122c2        0x0 console.o
 .bss           0x00000000003122c2        0x0 dsctbl.o
 .bss           0x00000000003122c2        0x0 fifo.o
 .bss           0x00000000003122c2        0x0 file.o
 .bss           0x00000000003122c2        0x0 graphic.o
 .bss           0x00000000003122c2        0x0 hankaku.o
 .bss           0x00000000003122c2        0x0 int.o
 .bss           0x00000000003122c2        0x0 keyboard.o
 .bss           0x00000000003122c2        0x0 libs.o
 .bss           0x00000000003122c2        0x0 memory.o
 .bss           0x00000000003122c2        0x0 mouse.o
 .bss           0x00000000003122c2        0x0 mtask.o
 .bss           0x00000000003122c2        0x0 sheet.o
 .bss           0x00000000003122c2        0x0 timer.o
 .bss           0x00000000003122c2        0x0 tsprintf.o
 .bss           0x00000000003122c2        0x0 window.o

/DISCARD/
 *(.eh_frame)
LOAD bootpack.o
LOAD console.o
LOAD dsctbl.o
LOAD fifo.o
LOAD file.o
LOAD graphic.o
LOAD hankaku.o
LOAD int.o
LOAD keyboard.o
LOAD libs.o
LOAD memory.o
LOAD mouse.o
LOAD mtask.o
LOAD nasmfunc.o
LOAD sheet.o
LOAD timer.o
LOAD tsprintf.o
LOAD window.o
OUTPUT(bootpack.bin binary)

.comment        0x0000000000000000      0x2db
 .comment       0x0000000000000000       0x2b bootpack.o
 .comment       0x000000000000002b       0x2b console.o
 .comment       0x0000000000000056       0x2b dsctbl.o
 .comment       0x0000000000000081       0x2b fifo.o
 .comment       0x00000000000000ac       0x2b file.o
 .comment       0x00000000000000d7       0x2b graphic.o
 .comment       0x0000000000000102       0x2b hankaku.o
 .comment       0x000000000000012d       0x2b int.o
 .comment       0x0000000000000158       0x2b keyboard.o
 .comment       0x0000000000000183       0x2b libs.o
 .comment       0x00000000000001ae       0x2b memory.o
 .comment       0x00000000000001d9       0x2b mouse.o
 .comment       0x0000000000000204       0x2b mtask.o
 .comment       0x000000000000022f       0x2b sheet.o
 .comment       0x000000000000025a       0x2b timer.o
 .comment       0x0000000000000285       0x2b tsprintf.o
 .comment       0x00000000000002b0       0x2b window.o

.note.GNU-stack
                0x0000000000000000        0x0
 .note.GNU-stack
                0x0000000000000000        0x0 bootpack.o
 .note.GNU-stack
                0x0000000000000000        0x0 console.o
 .note.GNU-stack
                0x0000000000000000        0x0 dsctbl.o
 .note.GNU-stack
                0x0000000000000000        0x0 fifo.o
 .note.GNU-stack
                0x0000000000000000        0x0 file.o
 .note.GNU-stack
                0x0000000000000000        0x0 graphic.o
 .note.GNU-stack
                0x0000000000000000        0x0 hankaku.o
 .note.GNU-stack
                0x0000000000000000        0x0 int.o
 .note.GNU-stack
                0x0000000000000000        0x0 keyboard.o
 .note.GNU-stack
                0x0000000000000000        0x0 libs.o
 .note.GNU-stack
                0x0000000000000000        0x0 memory.o
 .note.GNU-stack
                0x0000000000000000        0x0 mouse.o
 .note.GNU-stack
                0x0000000000000000        0x0 mtask.o
 .note.GNU-stack
                0x0000000000000000        0x0 sheet.o
 .note.GNU-stack
                0x0000000000000000        0x0 timer.o
 .note.GNU-stack
                0x0000000000000000        0x0 tsprintf.o
 .note.GNU-stack
                0x0000000000000000        0x0 window.o

.bss            0x00000000003122e0     0x273c load address 0x0000000000006e20
 COMMON         0x00000000003122e0        0x8 keyboard.o
                0x00000000003122e0                keyfifo
                0x00000000003122e4                keydata0
 COMMON         0x00000000003122e8        0x8 mouse.o
                0x00000000003122e8                mousedata0
                0x00000000003122ec                mousefifo
 COMMON         0x00000000003122f0        0x8 mtask.o
                0x00000000003122f0                taskctl
                0x00000000003122f4                task_timer
 *fill*         0x00000000003122f8        0x8 
 COMMON         0x0000000000312300     0x271c timer.o
                0x0000000000312300                timerctl
